Hello Nurse Alice Smith,

This is a reminder from Hito Hospital Equipment Management that the following device borrowed under your account is overdue:

  Device:    iPad Air 5th Gen
  Asset Tag: HD-DEV-001042
  Borrowed:  2026-09-10 09:00 JST
  Due Date:  2026-09-15 17:00 JST
  Overdue:   3 day(s)

Please return this device as soon as possible to:
  Ward 4 Equipment Counter (Building B, 2F)

If you have already returned this device, or if this record appears in error, please contact:
  Equipment Counter, Ext. 4100 (counter@hospital.local)

Thank you for helping us keep equipment available for clinical care.
