Hello Nurse Alice Smith,

Thank you for returning the following device to Hito Hospital Equipment Management:

  Device:      iPad Air 5th Gen
  Asset Tag:   HD-DEV-001042
  Returned At: 2026-09-18 14:30 JST

The custody record has been closed successfully.

If you have any questions, please contact:
  Equipment Counter, Ext. 4100 (counter@hospital.local)
