Equipment Administration Weekly Digest
Generated: 2026-09-18 08:00 JST

Total Overdue Items: 2

- [HD-DEV-001042] iPad Air 5th Gen - Borrower: Nurse Alice Smith - Due: 2026-09-15 17:00 JST (3 day(s) overdue)
- [HD-DEV-002088] Pulse Oximeter Pro - Borrower: Dr. Ken Sato - Due: 2026-09-12 12:00 JST (6 day(s) overdue)

If any of these records need reconciliation or status adjustments, please visit the admin console or contact:
  Equipment Management Office, Ext. 4100 (counter@hospital.local)
